     Susan11994483I
   Michael85558232H
  Margaret47666188A
