000000004700000011600000000000000000000000000000000000000000000000000000000000000000000000000000000000000000000000000000000000000000000000000000000000000000000000000000000000000000000000000000000000000000000000000000000000000000000000004084594E000000002000001404170000000000000470000000020140417 000000000000000000000000000000000000000000000000000000
000000004800000011600000000000000000000000000000000000000000000000000000000000000000000000000000000000000000000000000000000000000000000000000000000000000000000000000000000000000000000000000000000000000000000000000000000000000000000000002076867{000000075000001404170000000000000480000000020140417 000000000000000000000000000000000000000000000000000000
