// HEADER
Person1                  12         
Person2                  19         
Person3                  92         
Person4                  123       4
Person5                  45         
Person6                  53         
Person7                  18         
Person8                  31         
Person8                  23         
