0000060005210FONCTION SEARCH (CODE PARAMETRE 25 /   )  R05 PNC supprimé                                                                               
0001040005210FONCTION SEARCH (CODE PARAMETRE 25 /   )  R05 PNC supprimé                                                                               
