---111ABC-------------0000000047B0000000000F0000000000C0000000174F
---111BCD-------------0000000242A0000000002{0000000000C0000000029F
