// HEADER
Person5                  45         
Person1                  12         
Person2                  19         
Person3                  92         
Person4                  123       5
Person6                  53         
Person8                  23         
Person8                  31         
Person4                  123       4
Person7                  18         
