   Johnson00000G
     Smith00000G
     Davis00002F
    Wilson00002I
   Johnson00002A
     Brown00000E
     Moore00003E
    Taylor00003G
       Doe00001B
