Person5   12
Person4   37
Person1   45
Person2   59
Person3   68
