000895782151E
002083107269D
001644819590H
001242429500F
001938533904F
001817498279A
000513569889I
000701104803F
